# --------------------------------------------------- // System
# downgrade                                            # downgrade packages
# trash-cli-git                                        # cli to manage trash files
# libinput-gestures                                    # actions touchpad gestures using libinput
# gestures                                             # gui for libinput-gestures
wttrbar                                                # for weather
python-requests|wttrbar                                # script dependency
ddcui                                                  # GUI to control brightness for external monitors
# hyprgui-bin                                          # GUI for hyprland configuration // might mess your userprefs but convenient // Just disappeared
# power-profiles-daemon                                # for managing power profiles from waybar

# --------------------------------------------------- // Hardware Monitors
amdgpu_top
btop
glances
radeontop

# --------------------------------------------------- // Misc
wf-recorder                                          # Screen recorder for wlroots-based compositors such as sway
# emote                                                # emoji picker gtk3
# wl-screenrec                                         # High performance hardware accelerated wlroots screen recorder // NO support for NVIDIA
# zbar                                                 # Bar/QR code scanner

# --------------------------------------------------- // Gaming
steam                                                  # gaming platform
gamemode                                               # daemon and library for game optimizations
mangohud                                               # system performance overlay
gamescope                                            # micro-compositor for gaming
# lutris                                               # Lutris is an open source gaming platform for Linux
r2modman-bin                                           # mod manager

# --------------------------------------------------- // Music
cava                                                   # audio visualizer

# --------------------------------------------------- // Apps
firefox
ungoogled-chromium-bin
code
meld                                                 # git diff & merge tool
lazygit
scooter
dragon-drop-git
yazi
neovim                                               # vim based text editor
vim
obs-studio
obs-vkcapture
lib32-obs-vkcapture
obs-plugin-input-overlay-bin

# --------------------------------------------------- // Shell
# --------------------------------------------------- // zsh
# oh-my-zsh-git|zsh                                      # Optional plugin manager for zsh
# zsh-theme-powerlevel10k-git|zsh                        # Powerlevel10k is a theme for Zsh. It emphasizes speed, flexibility and out-of-the-box experience.
asdf-vm|zsh
bat|zsh                                                  # enhanced version of cat
eza|zsh                                                  # file lister for zsh
duf|zsh                                                  # prettier version of df for zsh
zoxide|zsh

# --------------------------------------------------- // Backends
#electron                                              # electron backend

# --------------------------------------------------- // Lockscreen
#swaylock-effects-git                                   # swaylock with effects // very minimal lockscreen

# --------------------------------------------------- // OSD
swayosd-git                                             #A GTK based on screen display for keyboard shortcuts like caps-lock and volume
